// Vitest Snapshot v1, https://vitest.dev/guide/snapshot.html

exports[`Offline Capabilities System > Integration Tests > should process complete workflow without errors 1`] = `
"> Source: https://example.com/article
> Captured: <timestamp>
> Hash: <hash>

# Main Title

## Table of Contents

- [Main Title](#main-title)
- [Section 1](#section-1)
- [Section 2](#section-2)
- [Conclusion](#conclusion)


Introduction paragraph with some content.

## Section 1

Content for section 1 with **bold text**.

- List item 1

- List item 2

## Section 2

More content with [a link](https://example.com/).

\`\`\`javascript

\`\`\`
            console.log('Hello, world!');\`\`\`
\`\`\`

## Conclusion

Final thoughts and summary.
"
`;
