// Vitest Snapshot v1, https://vitest.dev/guide/snapshot.html

exports[`MarkdownPostProcessor > adds TOC when enabled 1`] = `
"
# Title

## Table of Contents

- [Title](#title)
- [A](#a)
  - [B](#b)


## A

Text

### B
"
`;
